2026-09-19 21:17:04 [ALERT] Northern: 10 positive cases in the last 60s (instance consumer-7340)
2026-09-19 21:17:06 [ALERT] Kigali: 10 positive cases in the last 60s (instance consumer-7340)
2026-09-19 21:17:06 [ALERT] Western: 10 positive cases in the last 60s (instance consumer-7340)
2026-09-19 21:17:09 [ALERT] Southern: 10 positive cases in the last 60s (instance consumer-7340)
2026-09-19 21:17:10 [ALERT] Eastern: 10 positive cases in the last 60s (instance consumer-7340)
2026-09-19 21:17:34 [ALERT] Northern: 33 positive cases in the last 60s (instance consumer-7340)
2026-09-19 21:17:36 [ALERT] Western: 34 positive cases in the last 60s (instance consumer-7340)
2026-09-19 21:17:37 [ALERT] Kigali: 31 positive cases in the last 60s (instance consumer-7340)
2026-09-19 21:17:40 [ALERT] Southern: 32 positive cases in the last 60s (instance consumer-7340)
2026-09-19 21:17:41 [ALERT] Eastern: 36 positive cases in the last 60s (instance consumer-7340)
2026-09-19 21:18:05 [ALERT] Northern: 48 positive cases in the last 60s (instance consumer-7340)
2026-09-19 21:18:07 [ALERT] Western: 52 positive cases in the last 60s (instance consumer-7340)
2026-09-19 21:18:08 [ALERT] Kigali: 53 positive cases in the last 60s (instance consumer-7340)
2026-09-19 21:18:10 [ALERT] Southern: 44 positive cases in the last 60s (instance consumer-7340)
2026-09-19 21:18:11 [ALERT] Eastern: 56 positive cases in the last 60s (instance consumer-7340)
2026-09-19 21:18:35 [ALERT] Northern: 50 positive cases in the last 60s (instance consumer-7340)
2026-09-19 21:18:38 [ALERT] Western: 47 positive cases in the last 60s (instance consumer-7340)
2026-09-19 21:18:39 [ALERT] Kigali: 57 positive cases in the last 60s (instance consumer-7340)
2026-09-19 21:18:41 [ALERT] Southern: 60 positive cases in the last 60s (instance consumer-7340)
2026-09-19 21:18:42 [ALERT] Eastern: 50 positive cases in the last 60s (instance consumer-7340)
2026-09-19 21:19:06 [ALERT] Northern: 50 positive cases in the last 60s (instance consumer-7340)
2026-09-19 21:19:08 [ALERT] Western: 49 positive cases in the last 60s (instance consumer-7340)
2026-09-19 21:19:09 [ALERT] Kigali: 46 positive cases in the last 60s (instance consumer-7340)
2026-09-19 21:19:11 [ALERT] Southern: 64 positive cases in the last 60s (instance consumer-7340)
2026-09-19 21:19:12 [ALERT] Eastern: 52 positive cases in the last 60s (instance consumer-7340)
2026-09-19 21:19:37 [ALERT] Northern: 50 positive cases in the last 60s (instance consumer-7340)
2026-09-19 21:19:38 [ALERT] Western: 58 positive cases in the last 60s (instance consumer-7340)
2026-09-19 21:19:40 [ALERT] Kigali: 52 positive cases in the last 60s (instance consumer-7340)
2026-09-19 21:19:41 [ALERT] Southern: 52 positive cases in the last 60s (instance consumer-7340)
2026-09-19 21:19:43 [ALERT] Eastern: 52 positive cases in the last 60s (instance consumer-7340)
2026-09-19 21:20:08 [ALERT] Northern: 64 positive cases in the last 60s (instance consumer-7340)
2026-09-19 21:20:09 [ALERT] Western: 49 positive cases in the last 60s (instance consumer-7340)
2026-09-19 21:20:11 [ALERT] Kigali: 55 positive cases in the last 60s (instance consumer-7340)
2026-09-19 21:20:12 [ALERT] Southern: 45 positive cases in the last 60s (instance consumer-7340)
2026-09-19 21:20:14 [ALERT] Eastern: 42 positive cases in the last 60s (instance consumer-7340)
2026-09-19 21:20:38 [ALERT] Northern: 70 positive cases in the last 60s (instance consumer-7340)
2026-09-19 21:20:39 [ALERT] Western: 36 positive cases in the last 60s (instance consumer-7340)
2026-09-19 21:20:42 [ALERT] Kigali: 62 positive cases in the last 60s (instance consumer-7340)
2026-09-19 21:20:43 [ALERT] Southern: 48 positive cases in the last 60s (instance consumer-7340)
2026-09-19 21:20:44 [ALERT] Eastern: 54 positive cases in the last 60s (instance consumer-7340)
2026-09-19 21:21:08 [ALERT] Northern: 62 positive cases in the last 60s (instance consumer-7340)
2026-09-19 21:21:09 [ALERT] Western: 44 positive cases in the last 60s (instance consumer-7340)
2026-09-19 21:21:12 [ALERT] Kigali: 58 positive cases in the last 60s (instance consumer-7340)
2026-09-19 21:21:13 [ALERT] Southern: 60 positive cases in the last 60s (instance consumer-7340)
2026-09-19 21:21:16 [ALERT] Eastern: 62 positive cases in the last 60s (instance consumer-7340)
2026-09-19 21:21:39 [ALERT] Western: 54 positive cases in the last 60s (instance consumer-7340)
2026-09-19 21:21:39 [ALERT] Northern: 58 positive cases in the last 60s (instance consumer-7340)
2026-09-19 21:21:44 [ALERT] Kigali: 49 positive cases in the last 60s (instance consumer-7340)
2026-09-19 21:21:44 [ALERT] Southern: 58 positive cases in the last 60s (instance consumer-7340)
2026-09-19 21:21:46 [ALERT] Eastern: 62 positive cases in the last 60s (instance consumer-7340)
2026-09-19 21:22:09 [ALERT] Western: 53 positive cases in the last 60s (instance consumer-7340)
2026-09-19 21:22:11 [ALERT] Northern: 55 positive cases in the last 60s (instance consumer-7340)
2026-09-19 21:22:14 [ALERT] Southern: 53 positive cases in the last 60s (instance consumer-7340)
2026-09-19 21:22:15 [ALERT] Kigali: 54 positive cases in the last 60s (instance consumer-7340)
2026-09-19 21:22:17 [ALERT] Eastern: 63 positive cases in the last 60s (instance consumer-7340)
2026-09-19 21:22:41 [ALERT] Western: 55 positive cases in the last 60s (instance consumer-7340)
2026-09-19 21:22:43 [ALERT] Northern: 53 positive cases in the last 60s (instance consumer-7340)
2026-09-19 21:22:45 [ALERT] Southern: 48 positive cases in the last 60s (instance consumer-7340)
2026-09-19 21:22:46 [ALERT] Kigali: 56 positive cases in the last 60s (instance consumer-7340)
2026-09-19 21:22:48 [ALERT] Eastern: 65 positive cases in the last 60s (instance consumer-7340)
